===============================================================================
All tests passed (29 assertions in 1 test case)

